../Core/Src/main.c:95:6:MPU6050_Init	40	static
../Core/Src/main.c:115:6:MPU6050_Read_Gyro	48	static
../Core/Src/main.c:127:6:gyroOffsetCal	32	static
../Core/Src/main.c:150:5:main	24	static
../Core/Src/main.c:237:6:SystemClock_Config	88	static
../Core/Src/main.c:284:13:MX_ADC1_Init	24	static
../Core/Src/main.c:363:13:MX_I2C1_Init	8	static
../Core/Src/main.c:397:13:MX_TIM1_Init	96	static
../Core/Src/main.c:484:13:MX_TIM2_Init	56	static
../Core/Src/main.c:533:13:MX_USART3_UART_Init	8	static
../Core/Src/main.c:566:13:MX_GPIO_Init	40	static
../Core/Src/main.c:619:6:rightMotor	16	static
../Core/Src/main.c:635:6:leftMotor	16	static
../Core/Src/main.c:654:6:Error_Handler	4	static,ignoring_inline_asm
